// Jest Snapshot v1, https://goo.gl/fbAQLP

exports[`extractTransitionProperties parses and extracts values from custom-property ease: 
      {
        "property": {
          "type": "keyword",
          "value": "custom-property"
        },
        "duration": null,
        "timing": {
          "type": "keyword",
          "value": "ease"
        },
        "delay": null
      }
     1`] = `
{
  "delay": null,
  "duration": null,
  "property": {
    "type": "keyword",
    "value": "custom-property",
  },
  "timing": {
    "type": "keyword",
    "value": "ease",
  },
}
`;

exports[`extractTransitionProperties parses and extracts values from custom-property ease: 
      {
        "property": null,
        "duration": null,
        "timing": {
          "type": "keyword",
          "value": "ease"
        },
        "delay": null
      }
     1`] = `
{
  "delay": null,
  "duration": null,
  "property": null,
  "timing": {
    "type": "keyword",
    "value": "ease",
  },
}
`;

exports[`extractTransitionProperties parses and extracts values from opacity 200ms 10ms: 
      {
        "property": {
          "type": "keyword",
          "value": "opacity"
        },
        "duration": {
          "type": "unit",
          "value": 200,
          "unit": "ms"
        },
        "timing": null,
        "delay": {
          "type": "unit",
          "value": 10,
          "unit": "ms"
        }
      }
     1`] = `
{
  "delay": {
    "type": "unit",
    "unit": "ms",
    "value": 10,
  },
  "duration": {
    "type": "unit",
    "unit": "ms",
    "value": 200,
  },
  "property": {
    "type": "keyword",
    "value": "opacity",
  },
  "timing": null,
}
`;

exports[`extractTransitionProperties parses and extracts values from opacity 200ms ease 50ms: 
      {
        "property": {
          "type": "keyword",
          "value": "opacity"
        },
        "duration": {
          "type": "unit",
          "value": 200,
          "unit": "ms"
        },
        "timing": {
          "type": "keyword",
          "value": "ease"
        },
        "delay": {
          "type": "unit",
          "value": 50,
          "unit": "ms"
        }
      }
       1`] = `
{
  "delay": {
    "type": "unit",
    "unit": "ms",
    "value": 50,
  },
  "duration": {
    "type": "unit",
    "unit": "ms",
    "value": 200,
  },
  "property": {
    "type": "keyword",
    "value": "opacity",
  },
  "timing": {
    "type": "keyword",
    "value": "ease",
  },
}
`;

exports[`extractTransitionProperties parses and extracts values from opacity 200ms ease: 
      {
        "property": {
          "type": "keyword",
          "value": "opacity"
        },
        "duration": {
          "type": "unit",
          "value": 200,
          "unit": "ms"
        },
        "timing": {
          "type": "keyword",
          "value": "ease"
        },
        "delay": null
      }
       1`] = `
{
  "delay": null,
  "duration": {
    "type": "unit",
    "unit": "ms",
    "value": 200,
  },
  "property": {
    "type": "keyword",
    "value": "opacity",
  },
  "timing": {
    "type": "keyword",
    "value": "ease",
  },
}
`;

exports[`extractTransitionProperties parses and extracts values from opacity 200ms: 
      {
        "property": {
          "type": "keyword",
          "value": "opacity"
        },
        "duration": {
          "type": "unit",
          "value": 200,
          "unit": "ms"
        },
        "timing": null,
        "delay": null
      }
       1`] = `
{
  "delay": null,
  "duration": {
    "type": "unit",
    "unit": "ms",
    "value": 200,
  },
  "property": {
    "type": "keyword",
    "value": "opacity",
  },
  "timing": null,
}
`;

exports[`extractTransitionProperties parses and extracts values from opacity ease 50ms: 
      {
        "property": {
          "type": "keyword",
          "value": "opacity"
        },
        "duration": {
          "type": "unit",
          "value": 50,
          "unit": "ms"
        },
        "timing": {
          "type": "keyword",
          "value": "ease"
        },
        "delay": null
      }
     1`] = `
{
  "delay": null,
  "duration": {
    "type": "unit",
    "unit": "ms",
    "value": 50,
  },
  "property": {
    "type": "keyword",
    "value": "opacity",
  },
  "timing": {
    "type": "keyword",
    "value": "ease",
  },
}
`;

exports[`extractTransitionProperties parses and extracts values from opacity ease: 
      {
        "property": {
          "type": "keyword",
          "value": "opacity"
        },
        "duration": null,
        "timing": {
          "type": "keyword",
          "value": "ease"
        },
        "delay": null
      }
     1`] = `
{
  "delay": null,
  "duration": null,
  "property": {
    "type": "keyword",
    "value": "opacity",
  },
  "timing": {
    "type": "keyword",
    "value": "ease",
  },
}
`;

exports[`extractTransitionProperties parses and extracts values from transform 0.6s cubic-bezier(0.36, 0, 0.66, -0.56): 
      {
        "property": {
          "type": "keyword",
          "value": "transform"
        },
        "duration": {
          "type": "unit",
          "value": 0.6,
          "unit": "s"
        },
        "timing": {
          "type": "keyword",
          "value": "cubic-bezier(0.36, 0, 0.66, -0.56)"
        },
        "delay": null
      }
     1`] = `
{
  "delay": null,
  "duration": {
    "type": "unit",
    "unit": "s",
    "value": 0.6,
  },
  "property": {
    "type": "keyword",
    "value": "transform",
  },
  "timing": {
    "type": "keyword",
    "value": "cubic-bezier(0.36, 0, 0.66, -0.56)",
  },
}
`;
