// Jest Snapshot v1, https://goo.gl/fbAQLP

exports[`parseTransition parse value and returns multiple valid layers: 
      {
        "type": "layers",
        "value": [
          {
            "type": "tuple",
            "value": [
              {
                "type": "keyword",
                "value": "color"
              },
              {
                "type": "unit",
                "value": 0.2,
                "unit": "s"
              }
            ]
          },
          {
            "type": "tuple",
            "value": [
              {
                "type": "keyword",
                "value": "text-shadow"
              },
              {
                "type": "unit",
                "value": 0.2,
                "unit": "s"
              }
            ]
          }
        ]
      } 1`] = `
{
  "type": "layers",
  "value": [
    {
      "type": "tuple",
      "value": [
        {
          "type": "keyword",
          "value": "color",
        },
        {
          "type": "unit",
          "unit": "s",
          "value": 0.2,
        },
      ],
    },
    {
      "type": "tuple",
      "value": [
        {
          "type": "keyword",
          "value": "text-shadow",
        },
        {
          "type": "unit",
          "unit": "s",
          "value": 0.2,
        },
      ],
    },
  ],
}
`;

exports[`parseTransition parse value and returns valid layer: 
      {
        "type": "layers",
        "value": [
          {
            "type": "tuple",
            "value": [
              {
                "type": "keyword",
                "value": "opacity"
              },
              {
                "type": "unit",
                "value": 200,
                "unit": "ms"
              },
              {
                "type": "keyword",
                "value": "ease"
              },
              {
                "type": "unit",
                "value": 0,
                "unit": "s"
              }
            ]
          }
        ]
      } 1`] = `
{
  "type": "layers",
  "value": [
    {
      "type": "tuple",
      "value": [
        {
          "type": "keyword",
          "value": "opacity",
        },
        {
          "type": "unit",
          "unit": "ms",
          "value": 200,
        },
        {
          "type": "keyword",
          "value": "ease",
        },
        {
          "type": "unit",
          "unit": "s",
          "value": 0,
        },
      ],
    },
  ],
}
`;
