// Jest Snapshot v1, https://goo.gl/fbAQLP

exports[`Delete instance div 1 > div 2 > [div 3] 1`] = `
{
  "children": [
    {
      "children": [],
      "component": "Box",
      "cssRules": [],
      "id": "2",
      "type": "instance",
    },
  ],
  "component": "Box",
  "cssRules": [],
  "id": "1",
  "type": "instance",
}
`;

exports[`Delete instance div 1 > div 2, [div 3] 1`] = `
{
  "children": [
    {
      "children": [],
      "component": "Box",
      "cssRules": [],
      "id": "2",
      "type": "instance",
    },
  ],
  "component": "Box",
  "cssRules": [],
  "id": "1",
  "type": "instance",
}
`;
