// Jest Snapshot v1, https://goo.gl/fbAQLP

exports[`Insert instance after a nested div using "end": div 1 > div 2, [div 3] 1`] = `
{
  "children": [
    {
      "children": [],
      "component": "Box",
      "cssRules": [],
      "id": "2",
      "type": "instance",
    },
    {
      "children": [],
      "component": "Box",
      "cssRules": [],
      "id": "3",
      "type": "instance",
    },
  ],
  "component": "Box",
  "cssRules": [],
  "id": "1",
  "type": "instance",
}
`;

exports[`Insert instance after a nested div using index: div 1 > div 2, [div 3] 1`] = `
{
  "children": [
    {
      "children": [],
      "component": "Box",
      "cssRules": [],
      "id": "2",
      "type": "instance",
    },
    {
      "children": [],
      "component": "Box",
      "cssRules": [],
      "id": "3",
      "type": "instance",
    },
  ],
  "component": "Box",
  "cssRules": [],
  "id": "1",
  "type": "instance",
}
`;

exports[`Insert instance before a nested div using index: div 1 > [div 3], div 2 1`] = `
{
  "children": [
    {
      "children": [],
      "component": "Box",
      "cssRules": [],
      "id": "3",
      "type": "instance",
    },
    {
      "children": [],
      "component": "Box",
      "cssRules": [],
      "id": "2",
      "type": "instance",
    },
  ],
  "component": "Box",
  "cssRules": [],
  "id": "1",
  "type": "instance",
}
`;

exports[`Insert instance inside a nested div using "end": div 1 > div 2 > [div 3] 1`] = `
{
  "children": [
    {
      "children": [
        {
          "children": [],
          "component": "Box",
          "cssRules": [],
          "id": "3",
          "type": "instance",
        },
      ],
      "component": "Box",
      "cssRules": [],
      "id": "2",
      "type": "instance",
    },
  ],
  "component": "Box",
  "cssRules": [],
  "id": "1",
  "type": "instance",
}
`;
