// Jest Snapshot v1, https://goo.gl/fbAQLP

exports[`Reparent instance new parent 1`] = `
{
  "children": [
    {
      "children": [
        {
          "children": [],
          "component": "Box",
          "cssRules": [],
          "id": "4",
        },
      ],
      "component": "Box",
      "cssRules": [],
      "id": "2",
    },
    {
      "children": [],
      "component": "Box",
      "cssRules": [],
      "id": "3",
    },
  ],
  "component": "Box",
  "cssRules": [],
  "id": "1",
}
`;

exports[`Reparent instance same parent different position 1`] = `
{
  "children": [
    {
      "children": [],
      "component": "Box",
      "cssRules": [],
      "id": "3",
    },
    {
      "children": [],
      "component": "Box",
      "cssRules": [],
      "id": "2",
    },
    {
      "children": [],
      "component": "Box",
      "cssRules": [],
      "id": "4",
    },
  ],
  "component": "Box",
  "cssRules": [],
  "id": "1",
}
`;
