// Jest Snapshot v1, https://goo.gl/fbAQLP

exports[`Delete breakpoint basic 1`] = `
{
  "children": [
    {
      "children": [
        {
          "children": [],
          "component": "Box",
          "cssRules": [],
          "id": "3",
          "type": "instance",
        },
      ],
      "component": "Box",
      "cssRules": [
        {
          "breakpoint": "do not delete",
          "style": {},
        },
      ],
      "id": "2",
      "type": "instance",
    },
  ],
  "component": "Box",
  "cssRules": [],
  "id": "1",
  "type": "instance",
}
`;
