// Jest Snapshot v1, https://goo.gl/fbAQLP

exports[`Delete instance div 1 > div 2 > [div 3] 1`] = `
Object {
  "children": Array [
    Object {
      "children": Array [],
      "component": "Box",
      "id": "2",
      "style": Object {},
    },
  ],
  "component": "Box",
  "id": "1",
  "style": Object {},
}
`;

exports[`Delete instance div 1 > div 2, [div 3] 1`] = `
Object {
  "children": Array [
    Object {
      "children": Array [],
      "component": "Box",
      "id": "2",
      "style": Object {},
    },
  ],
  "component": "Box",
  "id": "1",
  "style": Object {},
}
`;
