// Jest Snapshot v1, https://goo.gl/fbAQLP

exports[`Reparent instance div 1 > div 2, div 3  => div 1 > div 2 > div 3 1`] = `
Object {
  "children": Array [
    Object {
      "children": Array [
        Object {
          "children": Array [],
          "component": "Box",
          "id": "3",
          "style": Object {},
        },
      ],
      "component": "Box",
      "id": "2",
      "style": Object {},
    },
  ],
  "component": "Box",
  "id": "1",
  "style": Object {},
}
`;
